Microchip Technology Inc, v1.31 (A)

Tool Name:
  c:\program files (x86)\microchip\xc16\v1.31\bin\bin\..\bin/elf-ld.exe

Command:
  -p30F3011 \
  -o \
  dist/default/production/EVBatteryCTRLv1.X.production.elf \
  -Lc:/program files (x86)/microchip/xc16/v1.31/bin/bin/.. \
  -Lc:/program files (x86)/microchip/xc16/v1.31/bin/bin/../../lib \
  -Lc:/program files (x86)/microchip/xc16/v1.31/bin/bin/../../support/PIC24E/gld \
  -Lc:/program files (x86)/microchip/xc16/v1.31/bin/bin/../../support/PIC24F/gld \
  -Lc:/program files (x86)/microchip/xc16/v1.31/bin/bin/../../support/PIC24H/gld \
  -Lc:/program files (x86)/microchip/xc16/v1.31/bin/bin/../../support/dsPIC30F/gld \
  -Lc:/program files (x86)/microchip/xc16/v1.31/bin/bin/../../support/dsPIC33E/gld \
  -Lc:/program files (x86)/microchip/xc16/v1.31/bin/bin/../../support/dsPIC33F/gld \
  build/default/production/main.o \
  --defsym=__MPLAB_BUILD=1 \
  -Tp30F3011.gld.00 \
  --stack=16 \
  --check-sections \
  --data-init \
  --pack-data \
  --handles \
  --isr \
  --no-gc-sections \
  --fill-upper=0 \
  --stackguard=16 \
  --no-force-link \
  --smart-io \
  -Map=dist/default/production/EVBatteryCTRLv1.X.production.map \
  --report-mem \
  --memorysummary \
  dist/default/production/memoryfile.xml \
  -start-group \
  --library=lega-pic30-elf \
  --library=m-elf \
  --library=lega-c-elf \
  -end-group \


Optional library libp30F3011.a not found
Archive member included because of file (symbol)

c:/program files (x86)/microchip/xc16/v1.31/bin/bin/../../lib\liblega-pic30-elf.a(crt0_standard.o)
                              (__resetPRI)
c:/program files (x86)/microchip/xc16/v1.31/bin/bin/../../lib\liblega-pic30-elf.a(data_init_standard.o)
                              c:/program files (x86)/microchip/xc16/v1.31/bin/bin/../../lib\liblega-pic30-elf.a(crt0_standard.o) (__data_init_standard)
c:/program files (x86)/microchip/xc16/v1.31/bin/bin/../../lib\liblega-pic30-elf.a(crt_start_mode_normal.Leo)
                              (__crt_start_mode_normal)
c:/program files (x86)/microchip/xc16/v1.31/bin/bin/../../lib\libm-elf.a(addsf3.eo)
                              build/default/production/main.o (___subsf3)
c:/program files (x86)/microchip/xc16/v1.31/bin/bin/../../lib\libm-elf.a(divsf3.eo)
                              build/default/production/main.o (___divsf3)
c:/program files (x86)/microchip/xc16/v1.31/bin/bin/../../lib\libm-elf.a(feqltle.eo)
                              build/default/production/main.o (___eqsf2)
c:/program files (x86)/microchip/xc16/v1.31/bin/bin/../../lib\libm-elf.a(fgtge.eo)
                              build/default/production/main.o (___gtsf2)
c:/program files (x86)/microchip/xc16/v1.31/bin/bin/../../lib\libm-elf.a(fixsfsi.eo)
                              build/default/production/main.o (_(float, int, long long, short, float, short, int))
c:/program files (x86)/microchip/xc16/v1.31/bin/bin/../../lib\libm-elf.a(fixunssfsi.eo)
                              build/default/production/main.o (___fixunssfsi)
c:/program files (x86)/microchip/xc16/v1.31/bin/bin/../../lib\libm-elf.a(floatsisf.eo)
                              build/default/production/main.o (___floatsisf)
c:/program files (x86)/microchip/xc16/v1.31/bin/bin/../../lib\libm-elf.a(floatunsisf.eo)
                              build/default/production/main.o (___floatunsisf)
c:/program files (x86)/microchip/xc16/v1.31/bin/bin/../../lib\libm-elf.a(fpack.eo)
                              c:/program files (x86)/microchip/xc16/v1.31/bin/bin/../../lib\libm-elf.a(addsf3.eo) (__fpack)
c:/program files (x86)/microchip/xc16/v1.31/bin/bin/../../lib\libm-elf.a(funpack.eo)
                              c:/program files (x86)/microchip/xc16/v1.31/bin/bin/../../lib\libm-elf.a(fixsfsi.eo) (__funpack)
c:/program files (x86)/microchip/xc16/v1.31/bin/bin/../../lib\libm-elf.a(funpack2.eo)
                              c:/program files (x86)/microchip/xc16/v1.31/bin/bin/../../lib\libm-elf.a(addsf3.eo) (__funpack2)
c:/program files (x86)/microchip/xc16/v1.31/bin/bin/../../lib\libm-elf.a(futil.eo)
                              c:/program files (x86)/microchip/xc16/v1.31/bin/bin/../../lib\libm-elf.a(addsf3.eo) (__fPropagateNaN)
c:/program files (x86)/microchip/xc16/v1.31/bin/bin/../../lib\libm-elf.a(mulsf3.eo)
                              build/default/production/main.o (___mulsf3)
c:/program files (x86)/microchip/xc16/v1.31/bin/bin/../../lib\libm-elf.a(fcompare.eo)
                              c:/program files (x86)/microchip/xc16/v1.31/bin/bin/../../lib\libm-elf.a(feqltle.eo) (__fcompare)
c:/program files (x86)/microchip/xc16/v1.31/bin/bin/../../lib\libm-elf.a(floatdisf.eo)
                              c:/program files (x86)/microchip/xc16/v1.31/bin/bin/../../lib\libm-elf.a(floatsisf.eo) (___floatdisf)
c:/program files (x86)/microchip/xc16/v1.31/bin/bin/../../lib\libm-elf.a(floatundisf.eo)
                              c:/program files (x86)/microchip/xc16/v1.31/bin/bin/../../lib\libm-elf.a(floatunsisf.eo) (___floatundisf)


Selected CodeGuard Options:
  FGS:GWRP:GWRP_OFF
  FGS:GCP:CODE_PROT_OFF

CodeGuard FLASH Memory:
  boot    (none)
  secure  (none)
  general 0x100 to 0x3ffe

CodeGuard RAM Memory:
  general 0x800 to 0xbff
  secure  (none)
  boot    (none)

CodeGuard EEPROM Memory:
  general 0x7ffc00 to 0x7fffff
  secure  (none)
  boot    (none)


xc16-ld 1.31 (A)

Program Memory  [Origin = 0x100, Length = 0x3f00]

section                    address   length (PC units)   length (bytes) (dec)
-------                    -------   -----------------   --------------------
.text                        0x100              0x325a          0x4b87  (19335)
.const                      0x335a               0x366           0x519  (1305)
.dinit                      0x36c0                0x22            0x33  (51)

                 Total program memory used (bytes):         0x50d3  (20691) 85%


Ivt Memory  [Origin = 0x4, Length = 0x7c]

section                    address   length (PC units)   length (bytes) (dec)
-------                    -------   -----------------   --------------------
.ivt._OscillatorFail           0x6                 0x2             0x3  (3)
.ivt._AddressError             0x8                 0x2             0x3  (3)
.ivt._StackError               0xa                 0x2             0x3  (3)
.ivt._MathError                0xc                 0x2             0x3  (3)
.ivt._ReservedTrap7           0x12                 0x2             0x3  (3)
.ivt._INT0Interrupt           0x14                 0x2             0x3  (3)
.ivt._T1Interrupt             0x1a                 0x2             0x3  (3)
.ivt._T2Interrupt             0x20                 0x2             0x3  (3)
.ivt._T3Interrupt             0x22                 0x2             0x3  (3)
.ivt._U1RXInterrupt           0x26                 0x2             0x3  (3)
.ivt._U1TXInterrupt           0x28                 0x2             0x3  (3)
.ivt._ADCInterrupt            0x2a                 0x2             0x3  (3)
.ivt._INT1Interrupt           0x34                 0x2             0x3  (3)
.ivt._T4Interrupt             0x3e                 0x2             0x3  (3)
.ivt._T5Interrupt             0x40                 0x2             0x3  (3)
.ivt._U2RXInterrupt           0x44                 0x2             0x3  (3)
.ivt._U2TXInterrupt           0x46                 0x2             0x3  (3)
.ivt._FLTAInterrupt           0x6a                 0x2             0x3  (3)


Data Memory  [Origin = 0x800, Length = 0x400]

section                    address      alignment gaps    total length  (dec)
-------                    -------      --------------    -------------------
.nbss                        0x800                   0           0x2c6  (710)
.ndata                       0xac6                   0            0x1c  (28)

                 Total data memory used (bytes):          0x2e2  (738) 72%


Dynamic Memory Usage

region                     address                      maximum length  (dec)
------                     -------                      ---------------------
heap                             0                                   0  (0)
stack                        0xae2                               0x11e  (286)

                 Maximum dynamic memory (bytes):          0x11e  (286)


External Symbols in Data Memory (by address):

                    0x0800                  _sets
                    0x08d6                  _vars
                    0x0906                  _dsky
                    0x0944                  _chrge_rate
                    0x0948                  _vltg_dvid
                    0x094c                  _ADCON3upper8
                    0x094e                  _ADCON3lower8
                    0x0950                  _open_voltage
                    0x0954                  _voltage_percentage
                    0x0958                  _current_compensate
                    0x095c                  _dischr_current
                    0x0960                  _p_charge
                    0x0962                  _wheelTime
                    0x0966                  _analog_avg_cnt
                    0x0968                  _avgVolt
                    0x096c                  _avgCurnt
                    0x0970                  _avgBTemp
                    0x0974                  _avgMTemp
                    0x0978                  _avgSTemp
                    0x097c                  _avg_cnt
                    0x097e                  _bt_crnt_avg_temp
                    0x0982                  _bt_vltg_avg_temp
                    0x0986                  _curnt_cal_stage
                    0x0987                  _start_timer
                    0x0988                  _diag_count
                    0x0989                  _PowerOffTimer
                    0x098a                  _cfg_space
                    0x098b                  _vr_space
                    0x098c                  _dsky_space
                    0x098d                  _v_test
                    0x098e                  _first_cal
                    0x0990                  _PxPage
                    0x0994                  _PxVtimer
                    0x0996                  _output_power
                    0x0998                  _charge_power
                    0x099a                  _heat_power
                    0x099c                  _COND
                    0x099e                  _CONDbits
                    0x09a0                  _STING
                    0x09a2                  _STINGbits
                    0x09a3                  _CMD_buff
                    0x09ae                  _CMD_Point
                    0x09b2                  _cmdRDY
                    0x09b4                  _cmdOVFL
                    0x09b6                  _Terr
                    0x09b8                  _bufsize
                    0x09ba                  _nibble
                    0x09c2                  _float_out
                    0x09d0                  _Buff_count
                    0x09d2                  _Buff_index
                    0x09d6                  _Buffer
                    0x0a4e                  _StempIndex
                    0x0a52                  _FtempIndex
                    0x0a56                  _config_space
                    0x0a58                  _tx_float
                    0x0a60                  _tx_temp
                    0x0a62                  _portBSY
                    0x0a64                  _writingbuff
                    0x0a66                  _dynaSpace
                    0x0a68                  _tempPoint
                    0x0a6c                  _flt_index
                    0x0a70                  _upperMem
                    0x0a72                  _printSets
                    0x0a74                  _eRead
                    0x0a76                  _offset
                    0x0a78                  _address
                    0x0a7a                  _flash_chksum
                    0x0a7c                  _rom_chksum
                    0x0a7e                  _nvSets_chksum
                    0x0a80                  _ramSets_chksum
                    0x0a82                  _ramSets_chksum_old
                    0x0a84                  _check_timer
                    0x0a86                  _ram_err_count
                    0x0a88                  _heat_set
                    0x0a8a                  _oc_shutdown_timer
                    0x0a8c                  _shutdown_timer
                    0x0a8e                  _dischrg_current
                    0x0a92                  _chrg_current
                    0x0a96                  _dischrg_read
                    0x0a9a                  _analog_smpl_time
                    0x0a9e                  _crnt_error
                    0x0aa2                  _crnt_integral
                    0x0aa6                  _current_output
                    0x0aaa                  _voltage_output
                    0x0aae                  _temp_dischrg_rate
                    0x0ab2                  _temp_chrg_rate
                    0x0ab6                  _max_chrg_current
                    0x0aba                  _percentOut
                    0x0abe                  _chrg_remaining
                    0x0ac2                  _chrg_check
                    0x0ac6                  _BAUD1
                    0x0aca                  _BAUD2
                    0x0ace                  _heat_rly_timer
                    0x0acf                  _contact_rly_timer
                    0x0ad0                  _chrg_rly_timer
                    0x0ad1                  _power_session
                    0x0ad2                  _PowerOffTimerSec
                    0x0ad3                  _Lecho
                    0x0ad6                  _crnt_proportion
                    0x0ada                  _vltg_proportion
                    0x0ade                  _temp_proportion

External Symbols in Data Memory (by name):

                    0x094e                  _ADCON3lower8
                    0x094c                  _ADCON3upper8
                    0x0ac6                  _BAUD1
                    0x0aca                  _BAUD2
                    0x09d0                  _Buff_count
                    0x09d2                  _Buff_index
                    0x09d6                  _Buffer
                    0x09ae                  _CMD_Point
                    0x09a3                  _CMD_buff
                    0x099c                  _COND
                    0x099e                  _CONDbits
                    0x0a52                  _FtempIndex
                    0x0ad3                  _Lecho
                    0x0989                  _PowerOffTimer
                    0x0ad2                  _PowerOffTimerSec
                    0x0990                  _PxPage
                    0x0994                  _PxVtimer
                    0x09a0                  _STING
                    0x09a2                  _STINGbits
                    0x0a4e                  _StempIndex
                    0x09b6                  _Terr
                    0x0a78                  _address
                    0x0966                  _analog_avg_cnt
                    0x0a9a                  _analog_smpl_time
                    0x0970                  _avgBTemp
                    0x096c                  _avgCurnt
                    0x0974                  _avgMTemp
                    0x0978                  _avgSTemp
                    0x0968                  _avgVolt
                    0x097c                  _avg_cnt
                    0x097e                  _bt_crnt_avg_temp
                    0x0982                  _bt_vltg_avg_temp
                    0x09b8                  _bufsize
                    0x098a                  _cfg_space
                    0x0998                  _charge_power
                    0x0a84                  _check_timer
                    0x0ac2                  _chrg_check
                    0x0a92                  _chrg_current
                    0x0abe                  _chrg_remaining
                    0x0ad0                  _chrg_rly_timer
                    0x0944                  _chrge_rate
                    0x09b4                  _cmdOVFL
                    0x09b2                  _cmdRDY
                    0x0a56                  _config_space
                    0x0acf                  _contact_rly_timer
                    0x0a9e                  _crnt_error
                    0x0aa2                  _crnt_integral
                    0x0ad6                  _crnt_proportion
                    0x0986                  _curnt_cal_stage
                    0x0958                  _current_compensate
                    0x0aa6                  _current_output
                    0x0988                  _diag_count
                    0x095c                  _dischr_current
                    0x0a8e                  _dischrg_current
                    0x0a96                  _dischrg_read
                    0x0906                  _dsky
                    0x098c                  _dsky_space
                    0x0a66                  _dynaSpace
                    0x0a74                  _eRead
                    0x098e                  _first_cal
                    0x0a7a                  _flash_chksum
                    0x09c2                  _float_out
                    0x0a6c                  _flt_index
                    0x099a                  _heat_power
                    0x0ace                  _heat_rly_timer
                    0x0a88                  _heat_set
                    0x0ab6                  _max_chrg_current
                    0x09ba                  _nibble
                    0x0a7e                  _nvSets_chksum
                    0x0a8a                  _oc_shutdown_timer
                    0x0a76                  _offset
                    0x0950                  _open_voltage
                    0x0996                  _output_power
                    0x0960                  _p_charge
                    0x0aba                  _percentOut
                    0x0a62                  _portBSY
                    0x0ad1                  _power_session
                    0x0a72                  _printSets
                    0x0a80                  _ramSets_chksum
                    0x0a82                  _ramSets_chksum_old
                    0x0a86                  _ram_err_count
                    0x0a7c                  _rom_chksum
                    0x0800                  _sets
                    0x0a8c                  _shutdown_timer
                    0x0987                  _start_timer
                    0x0a68                  _tempPoint
                    0x0ab2                  _temp_chrg_rate
                    0x0aae                  _temp_dischrg_rate
                    0x0ade                  _temp_proportion
                    0x0a58                  _tx_float
                    0x0a60                  _tx_temp
                    0x0a70                  _upperMem
                    0x098d                  _v_test
                    0x08d6                  _vars
                    0x0948                  _vltg_dvid
                    0x0ada                  _vltg_proportion
                    0x0aaa                  _voltage_output
                    0x0954                  _voltage_percentage
                    0x098b                  _vr_space
                    0x0962                  _wheelTime
                    0x0a64                  _writingbuff

External Symbols in Program Memory (by address):

                  0x000100                  __resetPRI
                  0x00013c                  __psv_init
                  0x000152                  __data_init_standard
                  0x000152                  __data_init
                  0x0001c8                  __INT0Interrupt
                  0x0001d2                  __ADCInterrupt
                  0x00044c                  __T1Interrupt
                  0x0007b2                  __T2Interrupt
                  0x000906                  __INT1Interrupt
                  0x00095c                  __T3Interrupt
                  0x000972                  __T4Interrupt
                  0x0009bc                  __T5Interrupt
                  0x0009e2                  __U1RXInterrupt
                  0x000a04                  __U2RXInterrupt
                  0x000a26                  __U1TXInterrupt
                  0x000a70                  __U2TXInterrupt
                  0x000abe                  __FLTAInterrupt
                  0x000ae6                  __OscillatorFail
                  0x000b2e                  __AddressError
                  0x000b56                  __StackError
                  0x000b82                  __MathError
                  0x000baa                  __ReservedTrap7
                  0x000bd0                  _power_off
                  0x000be2                  _absFloat
                  0x000c08                  _volt_zero
                  0x000c1a                  _volt_percent
                  0x000cac                  _current_cal
                  0x000cf2                  _Buffrst
                  0x000d2c                  _four_bit_hex_cnvt
                  0x000d5c                  _port_check
                  0x000d9a                  _load_hex
                  0x000ef0                  _dispatch_Serial
                  0x000f26                  _load_string
                  0x000fe0                  _cpyFLT
                  0x001040                  _load_float
                  0x00134a                  _BaudCalc
                  0x001386                  _default_sets
                  0x0014e0                  _configure_IO
                  0x0016a8                  _Init
                  0x001732                  _sys_debug
                  0x001768                  _low_power_mode
                  0x001790                  _low_battery_shutdown
                  0x0017b2                  _displayOut
                  0x00188e                  _pageOut
                  0x0019a4                  _portBusyIdle
                  0x0019be                  _fault_read
                  0x001a9a                  _Command_Interp
                  0x001f0e                  _get_variables
                  0x001f22                  _get_settings
                  0x001f56                  _save_sets
                  0x001f84                  _read_sets
                  0x001fc2                  _save_vars
                  0x001ff6                  _read_vars
                  0x00202c                  _eeprom_erase
                  0x002092                  _eeprom_write
                  0x002108                  _memread
                  0x00215e                  _eeprom_read
                  0x002180                  _ram_chksum_update
                  0x00218c                  _prgm_chksum_update
                  0x002198                  _nvm_chksum_update
                  0x0021a8                  _check_ramSets
                  0x0021c2                  _check_nvmSets
                  0x0021e0                  _check_prog
                  0x00220e                  _check_nvmem
                  0x00222c                  _flash_checksum
                  0x0022da                  _eeprom_checksum
                  0x002318                  _nvmSets_checksum
                  0x002356                  _ramSets_checksum
                  0x00239c                  _chargeDetect
                  0x0024c2                  _initialCal
                  0x0025ae                  _death_loop
                  0x0025bc                  _first_check
                  0x0025d0                  _main_power_check
                  0x002644                  _analog_sanity
                  0x0026c8                  _reset_check
                  0x002738                  _fault_log
                  0x002762                  _heatStuffOff
                  0x002780                  _heater_calibration
                  0x00285e                  _explody_preventy_check
                  0x00291c                  _currentCheck
                  0x00299c                  _general_shutdown
                  0x0029ae                  _io_off
                  0x0029e6                  _Temperature_I_Calc
                  0x002ab0                  _temperatureCalc
                  0x002b70                  _outputReg
                  0x002d6a                  _chargeReg
                  0x002ef6                  _heat_control
                  0x002f84                  _main
                  0x002fc8                  __DefaultInterrupt
                  0x002fce                  ___subsf3
                  0x002fd0                  ___addsf3
                  0x00308a                  ___divsf3
                  0x00310e                  ___eqsf2
                  0x00310e                  ___ltsf2
                  0x00310e                  ___lesf2
                  0x003112                  ___gtsf2
                  0x003112                  ___gesf2
                  0x003116                  ___fixsfsi
                  0x003158                  ___fixunssfsi
                  0x00318e                  ___floatsisf
                  0x003194                  ___floatunsisf
                  0x003198                  __fpack
                  0x0031e4                  __funpack
                  0x00320e                  __funpack2
                  0x00321e                  __fPropagateNaN
                  0x003230                  __fbopExit
                  0x003238                  __fbopReturnNaN
                  0x00323e                  ___mulsf3
                  0x0032a6                  __fcompare
                  0x0032dc                  ___floatdisf
                  0x0032fc                  ___floatundisf
                  0x00335a                  _VSPC
                  0x00335c                  _V01
                  0x003360                  _V02
                  0x003362                  _V03
                  0x003364                  _V04
                  0x003367                  _V05
                  0x00336a                  _V06
                  0x00336e                  _V07
                  0x003371                  _V08
                  0x003373                  _V09
                  0x003375                  _V0A
                  0x003377                  _V0D
                  0x00337b                  _V0E
                  0x00337e                  _Vlookup
                  0x00339c                  _code01
                  0x0033ab                  _code02
                  0x0033be                  _code03
                  0x0033cd                  _code04
                  0x0033d6                  _code05
                  0x0033e1                  _code06
                  0x0033e9                  _code07
                  0x0033f1                  _code08
                  0x0033f9                  _code09
                  0x003401                  _code0A
                  0x003409                  _code0B
                  0x003416                  _code0C
                  0x00341e                  _code0D
                  0x003427                  _code0E
                  0x003430                  _code0F
                  0x003438                  _code10
                  0x003440                  _code11
                  0x003446                  _code12
                  0x00344d                  _code13
                  0x003454                  _code14
                  0x00345c                  _code15
                  0x003465                  _code16
                  0x003476                  _code17
                  0x00347f                  _code18
                  0x003490                  _code19
                  0x00349a                  _code1A
                  0x0034a7                  _code1B
                  0x0034b4                  _code1C
                  0x0034be                  _code1D
                  0x0034c4                  _code1E
                  0x0034ca                  _code1F
                  0x0034d0                  _code20
                  0x0034d6                  _code21
                  0x0034dc                  _code22
                  0x0034e2                  _code23
                  0x0034e9                  _code24
                  0x0034f0                  _code25
                  0x0034f6                  _code26
                  0x0034fc                  _code27
                  0x00350a                  _code28
                  0x003518                  _code29
                  0x003528                  _code2A
                  0x003539                  _code2B
                  0x003549                  _code2C
                  0x003560                  _code2D
                  0x00356b                  _code2E
                  0x003576                  _codeDefault
                  0x00357e                  _errArray
                  0xf8000a                  __FGS.sec

External Symbols in Program Memory (by name):

                  0x00134a                  _BaudCalc
                  0x000cf2                  _Buffrst
                  0x001a9a                  _Command_Interp
                  0x0016a8                  _Init
                  0x0029e6                  _Temperature_I_Calc
                  0x00335c                  _V01
                  0x003360                  _V02
                  0x003362                  _V03
                  0x003364                  _V04
                  0x003367                  _V05
                  0x00336a                  _V06
                  0x00336e                  _V07
                  0x003371                  _V08
                  0x003373                  _V09
                  0x003375                  _V0A
                  0x003377                  _V0D
                  0x00337b                  _V0E
                  0x00335a                  _VSPC
                  0x00337e                  _Vlookup
                  0x0001d2                  __ADCInterrupt
                  0x000b2e                  __AddressError
                  0x002fc8                  __DefaultInterrupt
                  0xf8000a                  __FGS.sec
                  0x000abe                  __FLTAInterrupt
                  0x0001c8                  __INT0Interrupt
                  0x000906                  __INT1Interrupt
                  0x000b82                  __MathError
                  0x000ae6                  __OscillatorFail
                  0x000baa                  __ReservedTrap7
                  0x000b56                  __StackError
                  0x00044c                  __T1Interrupt
                  0x0007b2                  __T2Interrupt
                  0x00095c                  __T3Interrupt
                  0x000972                  __T4Interrupt
                  0x0009bc                  __T5Interrupt
                  0x0009e2                  __U1RXInterrupt
                  0x000a26                  __U1TXInterrupt
                  0x000a04                  __U2RXInterrupt
                  0x000a70                  __U2TXInterrupt
                  0x002fd0                  ___addsf3
                  0x00308a                  ___divsf3
                  0x00310e                  ___eqsf2
                  0x003116                  ___fixsfsi
                  0x003158                  ___fixunssfsi
                  0x0032dc                  ___floatdisf
                  0x00318e                  ___floatsisf
                  0x0032fc                  ___floatundisf
                  0x003194                  ___floatunsisf
                  0x003112                  ___gesf2
                  0x003112                  ___gtsf2
                  0x00310e                  ___lesf2
                  0x00310e                  ___ltsf2
                  0x00323e                  ___mulsf3
                  0x002fce                  ___subsf3
                  0x000152                  __data_init
                  0x000152                  __data_init_standard
                  0x00321e                  __fPropagateNaN
                  0x003230                  __fbopExit
                  0x003238                  __fbopReturnNaN
                  0x0032a6                  __fcompare
                  0x003198                  __fpack
                  0x0031e4                  __funpack
                  0x00320e                  __funpack2
                  0x00013c                  __psv_init
                  0x000100                  __resetPRI
                  0x000be2                  _absFloat
                  0x002644                  _analog_sanity
                  0x00239c                  _chargeDetect
                  0x002d6a                  _chargeReg
                  0x0021c2                  _check_nvmSets
                  0x00220e                  _check_nvmem
                  0x0021e0                  _check_prog
                  0x0021a8                  _check_ramSets
                  0x00339c                  _code01
                  0x0033ab                  _code02
                  0x0033be                  _code03
                  0x0033cd                  _code04
                  0x0033d6                  _code05
                  0x0033e1                  _code06
                  0x0033e9                  _code07
                  0x0033f1                  _code08
                  0x0033f9                  _code09
                  0x003401                  _code0A
                  0x003409                  _code0B
                  0x003416                  _code0C
                  0x00341e                  _code0D
                  0x003427                  _code0E
                  0x003430                  _code0F
                  0x003438                  _code10
                  0x003440                  _code11
                  0x003446                  _code12
                  0x00344d                  _code13
                  0x003454                  _code14
                  0x00345c                  _code15
                  0x003465                  _code16
                  0x003476                  _code17
                  0x00347f                  _code18
                  0x003490                  _code19
                  0x00349a                  _code1A
                  0x0034a7                  _code1B
                  0x0034b4                  _code1C
                  0x0034be                  _code1D
                  0x0034c4                  _code1E
                  0x0034ca                  _code1F
                  0x0034d0                  _code20
                  0x0034d6                  _code21
                  0x0034dc                  _code22
                  0x0034e2                  _code23
                  0x0034e9                  _code24
                  0x0034f0                  _code25
                  0x0034f6                  _code26
                  0x0034fc                  _code27
                  0x00350a                  _code28
                  0x003518                  _code29
                  0x003528                  _code2A
                  0x003539                  _code2B
                  0x003549                  _code2C
                  0x003560                  _code2D
                  0x00356b                  _code2E
                  0x003576                  _codeDefault
                  0x0014e0                  _configure_IO
                  0x000fe0                  _cpyFLT
                  0x00291c                  _currentCheck
                  0x000cac                  _current_cal
                  0x0025ae                  _death_loop
                  0x001386                  _default_sets
                  0x000ef0                  _dispatch_Serial
                  0x0017b2                  _displayOut
                  0x0022da                  _eeprom_checksum
                  0x00202c                  _eeprom_erase
                  0x00215e                  _eeprom_read
                  0x002092                  _eeprom_write
                  0x00357e                  _errArray
                  0x00285e                  _explody_preventy_check
                  0x002738                  _fault_log
                  0x0019be                  _fault_read
                  0x0025bc                  _first_check
                  0x00222c                  _flash_checksum
                  0x000d2c                  _four_bit_hex_cnvt
                  0x00299c                  _general_shutdown
                  0x001f22                  _get_settings
                  0x001f0e                  _get_variables
                  0x002762                  _heatStuffOff
                  0x002ef6                  _heat_control
                  0x002780                  _heater_calibration
                  0x0024c2                  _initialCal
                  0x0029ae                  _io_off
                  0x001040                  _load_float
                  0x000d9a                  _load_hex
                  0x000f26                  _load_string
                  0x001790                  _low_battery_shutdown
                  0x001768                  _low_power_mode
                  0x002f84                  _main
                  0x0025d0                  _main_power_check
                  0x002108                  _memread
                  0x002318                  _nvmSets_checksum
                  0x002198                  _nvm_chksum_update
                  0x002b70                  _outputReg
                  0x00188e                  _pageOut
                  0x0019a4                  _portBusyIdle
                  0x000d5c                  _port_check
                  0x000bd0                  _power_off
                  0x00218c                  _prgm_chksum_update
                  0x002356                  _ramSets_checksum
                  0x002180                  _ram_chksum_update
                  0x001f84                  _read_sets
                  0x001ff6                  _read_vars
                  0x0026c8                  _reset_check
                  0x001f56                  _save_sets
                  0x001fc2                  _save_vars
                  0x001732                  _sys_debug
                  0x002ab0                  _temperatureCalc
                  0x000c1a                  _volt_percent
                  0x000c08                  _volt_zero

Memory Configuration

Name             Origin             Length             Attributes
data             0x000800           0x000400           a !xr
reset            0x000000           0x000004  
ivt              0x000004           0x00007c  
_reserved        0x000080           0x000004  
aivt             0x000084           0x00007c  
program          0x000100           0x003f00           xr
eedata           0x7ffc00           0x000400  
FUID0            0x8005c0           0x000002  
FUID1            0x8005c2           0x000002  
FUID2            0x8005c4           0x000002  
FUID3            0x8005c6           0x000002  
FOSC             0xf80000           0x000002  
FWDT             0xf80002           0x000002  
FBORPOR          0xf80004           0x000002  
RESERVED1        0xf80006           0x000002  
RESERVED2        0xf80008           0x000002  
FGS              0xf8000a           0x000002  
FICD             0xf8000c           0x000002  
*default*        0x000000           0xffffffff  

Linker script and memory map

LOAD build/default/production/main.o
                    0x0001                  __MPLAB_BUILD = 0x1
LOAD p30F3011
LOAD c:/program files (x86)/microchip/xc16/v1.31/bin/bin/../../lib\libfx-elf.a
                    0x8005c0                  __FUID0 = 0x8005c0
                    0x8005c2                  __FUID1 = 0x8005c2
                    0x8005c4                  __FUID2 = 0x8005c4
                    0x8005c6                  __FUID3 = 0x8005c6
                    0xf80000                  __FOSC = 0xf80000
                    0xf80002                  __FWDT = 0xf80002
                    0xf80004                  __FBORPOR = 0xf80004
                    0xf80006                  __RESERVED1 = 0xf80006
                    0xf80008                  __RESERVED2 = 0xf80008
                    0xf8000a                  __FGS = 0xf8000a
                    0xf8000c                  __FICD = 0xf8000c
                    0x0001                  __NO_HANDLES = 0x1
                    0x0100                  __CODE_BASE = 0x100
                    0x3f00                  __CODE_LENGTH = 0x3f00
                    0x0004                  __IVT_BASE = 0x4
                    0x0084                  __AIVT_BASE = 0x84
                    0x0800                  __DATA_BASE = 0x800
                    0x0400                  __DATA_LENGTH = 0x400
                    0x0a00                  __YDATA_BASE = 0xa00

.reset            0x000000          0x4
                  0x000000          0x2 SHORT 0x100 ABSOLUTE (__reset)
                  0x000001          0x2 SHORT 0x4
                  0x000002          0x2 SHORT 0x0 ((ABSOLUTE (__reset) >> 0x10) & 0x7f)
                  0x000003          0x2 SHORT 0x0

.text             0x000100       0x325a
 *(.init)
 .init            0x000100         0x4c c:/program files (x86)/microchip/xc16/v1.31/bin/bin/../../lib\liblega-pic30-elf.a(crt0_standard.o)
                  0x000100                  __resetPRI
                  0x000100                  __reset
                  0x00013c                  __psv_init
 .init            0x00014c         0x7c c:/program files (x86)/microchip/xc16/v1.31/bin/bin/../../lib\liblega-pic30-elf.a(data_init_standard.o)
                  0x000152                  __data_init_standard
                  0x000152                  __data_init
 *(.user_init)
 *(.handle)
 *(.isr*)
 .isr.text        0x0001c8       0x2e00 build/default/production/main.o
                  0x0001c8                  __INT0Interrupt
                  0x0001d2                  __ADCInterrupt
                  0x00044c                  __T1Interrupt
                  0x0007b2                  __T2Interrupt
                  0x000906                  __INT1Interrupt
                  0x00095c                  __T3Interrupt
                  0x000972                  __T4Interrupt
                  0x0009bc                  __T5Interrupt
                  0x0009e2                  __U1RXInterrupt
                  0x000a04                  __U2RXInterrupt
                  0x000a26                  __U1TXInterrupt
                  0x000a70                  __U2TXInterrupt
                  0x000abe                  __FLTAInterrupt
                  0x000ae6                  __OscillatorFail
                  0x000b2e                  __AddressError
                  0x000b56                  __StackError
                  0x000b82                  __MathError
                  0x000baa                  __ReservedTrap7
                  0x000bd0                  _power_off
                  0x000be2                  _absFloat
                  0x000c08                  _volt_zero
                  0x000c1a                  _volt_percent
                  0x000cac                  _current_cal
                  0x000cf2                  _Buffrst
                  0x000d2c                  _four_bit_hex_cnvt
                  0x000d5c                  _port_check
                  0x000d9a                  _load_hex
                  0x000ef0                  _dispatch_Serial
                  0x000f26                  _load_string
                  0x000fe0                  _cpyFLT
                  0x001040                  _load_float
                  0x00134a                  _BaudCalc
                  0x001386                  _default_sets
                  0x0014e0                  _configure_IO
                  0x0016a8                  _Init
                  0x001732                  _sys_debug
                  0x001768                  _low_power_mode
                  0x001790                  _low_battery_shutdown
                  0x0017b2                  _displayOut
                  0x00188e                  _pageOut
                  0x0019a4                  _portBusyIdle
                  0x0019be                  _fault_read
                  0x001a9a                  _Command_Interp
                  0x001f0e                  _get_variables
                  0x001f22                  _get_settings
                  0x001f56                  _save_sets
                  0x001f84                  _read_sets
                  0x001fc2                  _save_vars
                  0x001ff6                  _read_vars
                  0x00202c                  _eeprom_erase
                  0x002092                  _eeprom_write
                  0x002108                  _memread
                  0x00215e                  _eeprom_read
                  0x002180                  _ram_chksum_update
                  0x00218c                  _prgm_chksum_update
                  0x002198                  _nvm_chksum_update
                  0x0021a8                  _check_ramSets
                  0x0021c2                  _check_nvmSets
                  0x0021e0                  _check_prog
                  0x00220e                  _check_nvmem
                  0x00222c                  _flash_checksum
                  0x0022da                  _eeprom_checksum
                  0x002318                  _nvmSets_checksum
                  0x002356                  _ramSets_checksum
                  0x00239c                  _chargeDetect
                  0x0024c2                  _initialCal
                  0x0025ae                  _death_loop
                  0x0025bc                  _first_check
                  0x0025d0                  _main_power_check
                  0x002644                  _analog_sanity
                  0x0026c8                  _reset_check
                  0x002738                  _fault_log
                  0x002762                  _heatStuffOff
                  0x002780                  _heater_calibration
                  0x00285e                  _explody_preventy_check
                  0x00291c                  _currentCheck
                  0x00299c                  _general_shutdown
                  0x0029ae                  _io_off
                  0x0029e6                  _Temperature_I_Calc
                  0x002ab0                  _temperatureCalc
                  0x002b70                  _outputReg
                  0x002d6a                  _chargeReg
                  0x002ef6                  _heat_control
                  0x002f84                  _main
 .isr             0x002fc8          0x4 default_isr
                  0x002fc8                  __DefaultInterrupt
 *(.libc)
 *(.libm)
 *(.libdsp)
 *(.lib*)
 .libpic30_crt_start_mode
                  0x002fcc          0x2 c:/program files (x86)/microchip/xc16/v1.31/bin/bin/../../lib\liblega-pic30-elf.a(crt_start_mode_normal.Leo)
                  0x002fcc                  __crt_start_mode
                  0x002fcc                  __crt_start_mode_normal
 .libm.subsf3     0x002fce         0xbc c:/program files (x86)/microchip/xc16/v1.31/bin/bin/../../lib\libm-elf.a(addsf3.eo)
                  0x002fce                  ___subsf3
                  0x002fd0                  ___addsf3
 .libm.divfs3     0x00308a         0x84 c:/program files (x86)/microchip/xc16/v1.31/bin/bin/../../lib\libm-elf.a(divsf3.eo)
                  0x00308a                  ___divsf3
 .libm.eqsf2      0x00310e          0x4 c:/program files (x86)/microchip/xc16/v1.31/bin/bin/../../lib\libm-elf.a(feqltle.eo)
                  0x00310e                  ___eqsf2
                  0x00310e                  ___ltsf2
                  0x00310e                  ___lesf2
 .libm.gtsf2      0x003112          0x4 c:/program files (x86)/microchip/xc16/v1.31/bin/bin/../../lib\libm-elf.a(fgtge.eo)
                  0x003112                  ___gesf2
                  0x003112                  ___gtsf2
 .libm.fixsfsi    0x003116         0x42 c:/program files (x86)/microchip/xc16/v1.31/bin/bin/../../lib\libm-elf.a(fixsfsi.eo)
                  0x003116                  _(float, int, long long, short, float, short, int)
 .libm.fixunssfsi
                  0x003158         0x36 c:/program files (x86)/microchip/xc16/v1.31/bin/bin/../../lib\libm-elf.a(fixunssfsi.eo)
                  0x003158                  ___fixunssfsi
 .libm.floatsisf
                  0x00318e          0x6 c:/program files (x86)/microchip/xc16/v1.31/bin/bin/../../lib\libm-elf.a(floatsisf.eo)
                  0x00318e                  ___floatsisf
 .libm.floatunsisf
                  0x003194          0x4 c:/program files (x86)/microchip/xc16/v1.31/bin/bin/../../lib\libm-elf.a(floatunsisf.eo)
                  0x003194                  ___floatunsisf
 .libm.fpack      0x003198         0x4c c:/program files (x86)/microchip/xc16/v1.31/bin/bin/../../lib\libm-elf.a(fpack.eo)
                  0x003198                  __fpack
 .libm.funpack    0x0031e4         0x2a c:/program files (x86)/microchip/xc16/v1.31/bin/bin/../../lib\libm-elf.a(funpack.eo)
                  0x0031e4                  __funpack
 .libm.funpack2
                  0x00320e         0x10 c:/program files (x86)/microchip/xc16/v1.31/bin/bin/../../lib\libm-elf.a(funpack2.eo)
                  0x00320e                  __funpack2
 .libm.fPropagateNaN
                  0x00321e         0x12 c:/program files (x86)/microchip/xc16/v1.31/bin/bin/../../lib\libm-elf.a(futil.eo)
                  0x00321e                  __fPropagateNaN
 .libm.fbobExit
                  0x003230          0x8 c:/program files (x86)/microchip/xc16/v1.31/bin/bin/../../lib\libm-elf.a(futil.eo)
                  0x003230                  __fbopExit
 .libm.fbopReturnNaN
                  0x003238          0x6 c:/program files (x86)/microchip/xc16/v1.31/bin/bin/../../lib\libm-elf.a(futil.eo)
                  0x003238                  __fbopReturnNaN
 .libm.mulsf3     0x00323e         0x68 c:/program files (x86)/microchip/xc16/v1.31/bin/bin/../../lib\libm-elf.a(mulsf3.eo)
                  0x00323e                  ___mulsf3
 .libm.fcompare
                  0x0032a6         0x36 c:/program files (x86)/microchip/xc16/v1.31/bin/bin/../../lib\libm-elf.a(fcompare.eo)
                  0x0032a6                  __fcompare
 .libm.floatdisf
                  0x0032dc         0x20 c:/program files (x86)/microchip/xc16/v1.31/bin/bin/../../lib\libm-elf.a(floatdisf.eo)
                  0x0032dc                  ___floatdisf
 .libm.floatundisf
                  0x0032fc         0x5e c:/program files (x86)/microchip/xc16/v1.31/bin/bin/../../lib\libm-elf.a(floatundisf.eo)
                  0x0032fc                  ___floatundisf

usercode
 *(usercode)

__FUID0
 *(__FUID0.sec*)

__FUID1
 *(__FUID1.sec*)

__FUID2
 *(__FUID2.sec*)

__FUID3
 *(__FUID3.sec*)

__FOSC
 *(__FOSC.sec*)

__FWDT
 *(__FWDT.sec*)

__FBORPOR
 *(__FBORPOR.sec*)

__RESERVED1
 *(__RESERVED1.sec*)

__RESERVED2
 *(__RESERVED2.sec*)

__FGS             0xf8000a          0x2
 *(__FGS.sec*)
 __FGS.sec        0xf8000a          0x2 FGS
                  0xf8000a                  __FGS.sec

__FICD
 *(__FICD.sec*)

user_eedata
 *(user_eedata)

userdata
 *(userdata)

.comment
 *(.comment)

.debug_info       0x000000       0x64d3
 *(.debug_info)
 .debug_info      0x000000       0x64d3 build/default/production/main.o
 *(.gnu.linkonce.wi.*)

.debug_abbrev     0x000000        0x269
 *(.debug_abbrev)
 .debug_abbrev    0x000000        0x269 build/default/production/main.o

.debug_line       0x000000        0x88e
 *(.debug_line)
 .debug_line      0x000000        0x88e build/default/production/main.o

.debug_frame      0x000000        0xc22
 *(.debug_frame)
 .debug_frame     0x000000        0xc22 build/default/production/main.o

.debug_str        0x000000        0x53e
 *(.debug_str)
 .debug_str       0x000000        0x53e build/default/production/main.o

.debug_loc
 *(.debug_loc)

.debug_macinfo
 *(.debug_macinfo)

.debug_pubnames
                  0x000000        0xe45
 *(.debug_pubnames)
 .debug_pubnames
                  0x000000        0xe45 build/default/production/main.o

.debug_ranges
 *(.debug_ranges)

.debug_aranges    0x000000         0x18
 *(.debug_aranges)
 .debug_aranges
                  0x000000         0x18 build/default/production/main.o
                    0x0000                  WREG0 = 0x0
                    0x0000                  _WREG0 = 0x0
                    0x0002                  WREG1 = 0x2
                    0x0002                  _WREG1 = 0x2
                    0x0004                  WREG2 = 0x4
                    0x0004                  _WREG2 = 0x4
                    0x0006                  WREG3 = 0x6
                    0x0006                  _WREG3 = 0x6
                    0x0008                  WREG4 = 0x8
                    0x0008                  _WREG4 = 0x8
                    0x000a                  WREG5 = 0xa
                    0x000a                  _WREG5 = 0xa
                    0x000c                  WREG6 = 0xc
                    0x000c                  _WREG6 = 0xc
                    0x000e                  WREG7 = 0xe
                    0x000e                  _WREG7 = 0xe
                    0x0010                  WREG8 = 0x10
                    0x0010                  _WREG8 = 0x10
                    0x0012                  WREG9 = 0x12
                    0x0012                  _WREG9 = 0x12
                    0x0014                  WREG10 = 0x14
                    0x0014                  _WREG10 = 0x14
                    0x0016                  WREG11 = 0x16
                    0x0016                  _WREG11 = 0x16
                    0x0018                  WREG12 = 0x18
                    0x0018                  _WREG12 = 0x18
                    0x001a                  WREG13 = 0x1a
                    0x001a                  _WREG13 = 0x1a
                    0x001c                  WREG14 = 0x1c
                    0x001c                  _WREG14 = 0x1c
                    0x001e                  WREG15 = 0x1e
                    0x001e                  _WREG15 = 0x1e
                    0x0020                  SPLIM = 0x20
                    0x0020                  _SPLIM = 0x20
                    0x0022                  ACCAL = 0x22
                    0x0022                  _ACCAL = 0x22
                    0x0024                  ACCAH = 0x24
                    0x0024                  _ACCAH = 0x24
                    0x0026                  ACCAU = 0x26
                    0x0026                  _ACCAU = 0x26
                    0x0026                  _ACCAUbits = 0x26
                    0x0028                  ACCBL = 0x28
                    0x0028                  _ACCBL = 0x28
                    0x002a                  ACCBH = 0x2a
                    0x002a                  _ACCBH = 0x2a
                    0x002c                  ACCBU = 0x2c
                    0x002c                  _ACCBU = 0x2c
                    0x002c                  _ACCBUbits = 0x2c
                    0x002e                  PCL = 0x2e
                    0x002e                  _PCL = 0x2e
                    0x0030                  PCH = 0x30
                    0x0030                  _PCH = 0x30
                    0x0030                  _PCHbits = 0x30
                    0x0032                  TBLPAG = 0x32
                    0x0032                  _TBLPAG = 0x32
                    0x0034                  PSVPAG = 0x34
                    0x0034                  _PSVPAG = 0x34
                    0x0036                  RCOUNT = 0x36
                    0x0036                  _RCOUNT = 0x36
                    0x0038                  DCOUNT = 0x38
                    0x0038                  _DCOUNT = 0x38
                    0x0038                  _DCOUNTbits = 0x38
                    0x003a                  DOSTARTL = 0x3a
                    0x003a                  _DOSTARTL = 0x3a
                    0x003c                  DOSTARTH = 0x3c
                    0x003c                  _DOSTARTH = 0x3c
                    0x003c                  _DOSTARTHbits = 0x3c
                    0x003e                  DOENDL = 0x3e
                    0x003e                  _DOENDL = 0x3e
                    0x0040                  DOENDH = 0x40
                    0x0040                  _DOENDH = 0x40
                    0x0040                  _DOENDHbits = 0x40
                    0x0042                  SR = 0x42
                    0x0042                  _SR = 0x42
                    0x0042                  _SRbits = 0x42
                    0x0044                  CORCON = 0x44
                    0x0044                  _CORCON = 0x44
                    0x0044                  _CORCONbits = 0x44
                    0x0046                  MODCON = 0x46
                    0x0046                  _MODCON = 0x46
                    0x0046                  _MODCONbits = 0x46
                    0x0048                  XMODSRT = 0x48
                    0x0048                  _XMODSRT = 0x48
                    0x004a                  XMODEND = 0x4a
                    0x004a                  _XMODEND = 0x4a
                    0x004c                  YMODSRT = 0x4c
                    0x004c                  _YMODSRT = 0x4c
                    0x004e                  YMODEND = 0x4e
                    0x004e                  _YMODEND = 0x4e
                    0x0050                  XBREV = 0x50
                    0x0050                  _XBREV = 0x50
                    0x0050                  _XBREVbits = 0x50
                    0x0052                  DISICNT = 0x52
                    0x0052                  _DISICNT = 0x52
                    0x0052                  _DISICNTbits = 0x52
                    0x0080                  INTCON1 = 0x80
                    0x0080                  _INTCON1 = 0x80
                    0x0080                  _INTCON1bits = 0x80
                    0x0082                  INTCON2 = 0x82
                    0x0082                  _INTCON2 = 0x82
                    0x0082                  _INTCON2bits = 0x82
                    0x0084                  IFS0 = 0x84
                    0x0084                  _IFS0 = 0x84
                    0x0084                  _IFS0bits = 0x84
                    0x0086                  IFS1 = 0x86
                    0x0086                  _IFS1 = 0x86
                    0x0086                  _IFS1bits = 0x86
                    0x0088                  IFS2 = 0x88
                    0x0088                  _IFS2 = 0x88
                    0x0088                  _IFS2bits = 0x88
                    0x008c                  IEC0 = 0x8c
                    0x008c                  _IEC0 = 0x8c
                    0x008c                  _IEC0bits = 0x8c
                    0x008e                  IEC1 = 0x8e
                    0x008e                  _IEC1 = 0x8e
                    0x008e                  _IEC1bits = 0x8e
                    0x0090                  IEC2 = 0x90
                    0x0090                  _IEC2 = 0x90
                    0x0090                  _IEC2bits = 0x90
                    0x0094                  IPC0 = 0x94
                    0x0094                  _IPC0 = 0x94
                    0x0094                  _IPC0bits = 0x94
                    0x0096                  IPC1 = 0x96
                    0x0096                  _IPC1 = 0x96
                    0x0096                  _IPC1bits = 0x96
                    0x0098                  IPC2 = 0x98
                    0x0098                  _IPC2 = 0x98
                    0x0098                  _IPC2bits = 0x98
                    0x009a                  IPC3 = 0x9a
                    0x009a                  _IPC3 = 0x9a
                    0x009a                  _IPC3bits = 0x9a
                    0x009c                  IPC4 = 0x9c
                    0x009c                  _IPC4 = 0x9c
                    0x009c                  _IPC4bits = 0x9c
                    0x009e                  IPC5 = 0x9e
                    0x009e                  _IPC5 = 0x9e
                    0x009e                  _IPC5bits = 0x9e
                    0x00a0                  IPC6 = 0xa0
                    0x00a0                  _IPC6 = 0xa0
                    0x00a0                  _IPC6bits = 0xa0
                    0x00a6                  IPC9 = 0xa6
                    0x00a6                  _IPC9 = 0xa6
                    0x00a6                  _IPC9bits = 0xa6
                    0x00a8                  IPC10 = 0xa8
                    0x00a8                  _IPC10 = 0xa8
                    0x00a8                  _IPC10bits = 0xa8
                    0x00b0                  INTTREG = 0xb0
                    0x00b0                  _INTTREG = 0xb0
                    0x00b0                  _INTTREGbits = 0xb0
                    0x00c0                  CNEN1 = 0xc0
                    0x00c0                  _CNEN1 = 0xc0
                    0x00c0                  _CNEN1bits = 0xc0
                    0x00c2                  CNEN2 = 0xc2
                    0x00c2                  _CNEN2 = 0xc2
                    0x00c2                  _CNEN2bits = 0xc2
                    0x00c4                  CNPU1 = 0xc4
                    0x00c4                  _CNPU1 = 0xc4
                    0x00c4                  _CNPU1bits = 0xc4
                    0x00c6                  CNPU2 = 0xc6
                    0x00c6                  _CNPU2 = 0xc6
                    0x00c6                  _CNPU2bits = 0xc6
                    0x0100                  TMR1 = 0x100
                    0x0100                  _TMR1 = 0x100
                    0x0102                  PR1 = 0x102
                    0x0102                  _PR1 = 0x102
                    0x0104                  T1CON = 0x104
                    0x0104                  _T1CON = 0x104
                    0x0104                  _T1CONbits = 0x104
                    0x0106                  TMR2 = 0x106
                    0x0106                  _TMR2 = 0x106
                    0x0108                  TMR3HLD = 0x108
                    0x0108                  _TMR3HLD = 0x108
                    0x010a                  TMR3 = 0x10a
                    0x010a                  _TMR3 = 0x10a
                    0x010c                  PR2 = 0x10c
                    0x010c                  _PR2 = 0x10c
                    0x010e                  PR3 = 0x10e
                    0x010e                  _PR3 = 0x10e
                    0x0110                  T2CON = 0x110
                    0x0110                  _T2CON = 0x110
                    0x0110                  _T2CONbits = 0x110
                    0x0112                  T3CON = 0x112
                    0x0112                  _T3CON = 0x112
                    0x0112                  _T3CONbits = 0x112
                    0x0114                  TMR4 = 0x114
                    0x0114                  _TMR4 = 0x114
                    0x0116                  TMR5HLD = 0x116
                    0x0116                  _TMR5HLD = 0x116
                    0x0118                  TMR5 = 0x118
                    0x0118                  _TMR5 = 0x118
                    0x011a                  PR4 = 0x11a
                    0x011a                  _PR4 = 0x11a
                    0x011c                  PR5 = 0x11c
                    0x011c                  _PR5 = 0x11c
                    0x011e                  T4CON = 0x11e
                    0x011e                  _T4CON = 0x11e
                    0x011e                  _T4CONbits = 0x11e
                    0x0120                  T5CON = 0x120
                    0x0120                  _T5CON = 0x120
                    0x0120                  _T5CONbits = 0x120
                    0x0122                  QEICON = 0x122
                    0x0122                  _QEICON = 0x122
                    0x0122                  _QEICONbits = 0x122
                    0x0124                  DFLTCON = 0x124
                    0x0124                  _DFLTCON = 0x124
                    0x0124                  _DFLTCONbits = 0x124
                    0x0126                  POSCNT = 0x126
                    0x0126                  _POSCNT = 0x126
                    0x0128                  MAXCNT = 0x128
                    0x0128                  _MAXCNT = 0x128
                    0x0140                  IC1BUF = 0x140
                    0x0140                  _IC1BUF = 0x140
                    0x0142                  IC1CON = 0x142
                    0x0142                  _IC1CON = 0x142
                    0x0142                  _IC1CONbits = 0x142
                    0x0144                  IC2BUF = 0x144
                    0x0144                  _IC2BUF = 0x144
                    0x0146                  IC2CON = 0x146
                    0x0146                  _IC2CON = 0x146
                    0x0146                  _IC2CONbits = 0x146
                    0x0158                  IC7BUF = 0x158
                    0x0158                  _IC7BUF = 0x158
                    0x015a                  IC7CON = 0x15a
                    0x015a                  _IC7CON = 0x15a
                    0x015a                  _IC7CONbits = 0x15a
                    0x015c                  IC8BUF = 0x15c
                    0x015c                  _IC8BUF = 0x15c
                    0x015e                  IC8CON = 0x15e
                    0x015e                  _IC8CON = 0x15e
                    0x015e                  _IC8CONbits = 0x15e
                    0x0180                  OC1RS = 0x180
                    0x0180                  _OC1RS = 0x180
                    0x0182                  OC1R = 0x182
                    0x0182                  _OC1R = 0x182
                    0x0184                  OC1CON = 0x184
                    0x0184                  _OC1CON = 0x184
                    0x0184                  _OC1CONbits = 0x184
                    0x0186                  OC2RS = 0x186
                    0x0186                  _OC2RS = 0x186
                    0x0188                  OC2R = 0x188
                    0x0188                  _OC2R = 0x188
                    0x018a                  OC2CON = 0x18a
                    0x018a                  _OC2CON = 0x18a
                    0x018a                  _OC2CONbits = 0x18a
                    0x018c                  OC3RS = 0x18c
                    0x018c                  _OC3RS = 0x18c
                    0x018e                  OC3R = 0x18e
                    0x018e                  _OC3R = 0x18e
                    0x0190                  OC3CON = 0x190
                    0x0190                  _OC3CON = 0x190
                    0x0190                  _OC3CONbits = 0x190
                    0x0192                  OC4RS = 0x192
                    0x0192                  _OC4RS = 0x192
                    0x0194                  OC4R = 0x194
                    0x0194                  _OC4R = 0x194
                    0x0196                  OC4CON = 0x196
                    0x0196                  _OC4CON = 0x196
                    0x0196                  _OC4CONbits = 0x196
                    0x01c0                  PTCON = 0x1c0
                    0x01c0                  _PTCON = 0x1c0
                    0x01c0                  _PTCONbits = 0x1c0
                    0x01c2                  PTMR = 0x1c2
                    0x01c2                  _PTMR = 0x1c2
                    0x01c2                  _PTMRbits = 0x1c2
                    0x01c4                  PTPER = 0x1c4
                    0x01c4                  _PTPER = 0x1c4
                    0x01c4                  _PTPERbits = 0x1c4
                    0x01c6                  SEVTCMP = 0x1c6
                    0x01c6                  _SEVTCMP = 0x1c6
                    0x01c6                  _SEVTCMPbits = 0x1c6
                    0x01c8                  PWMCON1 = 0x1c8
                    0x01c8                  _PWMCON1 = 0x1c8
                    0x01c8                  _PWMCON1bits = 0x1c8
                    0x01ca                  PWMCON2 = 0x1ca
                    0x01ca                  _PWMCON2 = 0x1ca
                    0x01ca                  _PWMCON2bits = 0x1ca
                    0x01cc                  DTCON1 = 0x1cc
                    0x01cc                  _DTCON1 = 0x1cc
                    0x01cc                  _DTCON1bits = 0x1cc
                    0x01d0                  FLTACON = 0x1d0
                    0x01d0                  _FLTACON = 0x1d0
                    0x01d0                  _FLTACONbits = 0x1d0
                    0x01d4                  OVDCON = 0x1d4
                    0x01d4                  _OVDCON = 0x1d4
                    0x01d4                  _OVDCONbits = 0x1d4
                    0x01d6                  PDC1 = 0x1d6
                    0x01d6                  _PDC1 = 0x1d6
                    0x01d8                  PDC2 = 0x1d8
                    0x01d8                  _PDC2 = 0x1d8
                    0x01da                  PDC3 = 0x1da
                    0x01da                  _PDC3 = 0x1da
                    0x0200                  I2CRCV = 0x200
                    0x0200                  _I2CRCV = 0x200
                    0x0200                  _I2CRCVbits = 0x200
                    0x0202                  I2CTRN = 0x202
                    0x0202                  _I2CTRN = 0x202
                    0x0202                  _I2CTRNbits = 0x202
                    0x0204                  I2CBRG = 0x204
                    0x0204                  _I2CBRG = 0x204
                    0x0204                  _I2CBRGbits = 0x204
                    0x0206                  I2CCON = 0x206
                    0x0206                  _I2CCON = 0x206
                    0x0206                  _I2CCONbits = 0x206
                    0x0208                  I2CSTAT = 0x208
                    0x0208                  _I2CSTAT = 0x208
                    0x0208                  _I2CSTATbits = 0x208
                    0x020a                  I2CADD = 0x20a
                    0x020a                  _I2CADD = 0x20a
                    0x020a                  _I2CADDbits = 0x20a
                    0x020c                  U1MODE = 0x20c
                    0x020c                  _U1MODE = 0x20c
                    0x020c                  _U1MODEbits = 0x20c
                    0x020e                  U1STA = 0x20e
                    0x020e                  _U1STA = 0x20e
                    0x020e                  _U1STAbits = 0x20e
                    0x0210                  U1TXREG = 0x210
                    0x0210                  _U1TXREG = 0x210
                    0x0210                  _U1TXREGbits = 0x210
                    0x0212                  U1RXREG = 0x212
                    0x0212                  _U1RXREG = 0x212
                    0x0212                  _U1RXREGbits = 0x212
                    0x0214                  U1BRG = 0x214
                    0x0214                  _U1BRG = 0x214
                    0x0216                  U2MODE = 0x216
                    0x0216                  _U2MODE = 0x216
                    0x0216                  _U2MODEbits = 0x216
                    0x0218                  U2STA = 0x218
                    0x0218                  _U2STA = 0x218
                    0x0218                  _U2STAbits = 0x218
                    0x021a                  U2TXREG = 0x21a
                    0x021a                  _U2TXREG = 0x21a
                    0x021a                  _U2TXREGbits = 0x21a
                    0x021c                  U2RXREG = 0x21c
                    0x021c                  _U2RXREG = 0x21c
                    0x021c                  _U2RXREGbits = 0x21c
                    0x021e                  U2BRG = 0x21e
                    0x021e                  _U2BRG = 0x21e
                    0x0220                  SPI1STAT = 0x220
                    0x0220                  _SPI1STAT = 0x220
                    0x0220                  _SPI1STATbits = 0x220
                    0x0222                  SPI1CON = 0x222
                    0x0222                  _SPI1CON = 0x222
                    0x0222                  _SPI1CONbits = 0x222
                    0x0224                  SPI1BUF = 0x224
                    0x0224                  _SPI1BUF = 0x224
                    0x0280                  ADCBUF0 = 0x280
                    0x0280                  _ADCBUF0 = 0x280
                    0x0282                  ADCBUF1 = 0x282
                    0x0282                  _ADCBUF1 = 0x282
                    0x0284                  ADCBUF2 = 0x284
                    0x0284                  _ADCBUF2 = 0x284
                    0x0286                  ADCBUF3 = 0x286
                    0x0286                  _ADCBUF3 = 0x286
                    0x0288                  ADCBUF4 = 0x288
                    0x0288                  _ADCBUF4 = 0x288
                    0x028a                  ADCBUF5 = 0x28a
                    0x028a                  _ADCBUF5 = 0x28a
                    0x028c                  ADCBUF6 = 0x28c
                    0x028c                  _ADCBUF6 = 0x28c
                    0x028e                  ADCBUF7 = 0x28e
                    0x028e                  _ADCBUF7 = 0x28e
                    0x0290                  ADCBUF8 = 0x290
                    0x0290                  _ADCBUF8 = 0x290
                    0x0292                  ADCBUF9 = 0x292
                    0x0292                  _ADCBUF9 = 0x292
                    0x0294                  ADCBUFA = 0x294
                    0x0294                  _ADCBUFA = 0x294
                    0x0296                  ADCBUFB = 0x296
                    0x0296                  _ADCBUFB = 0x296
                    0x0298                  ADCBUFC = 0x298
                    0x0298                  _ADCBUFC = 0x298
                    0x029a                  ADCBUFD = 0x29a
                    0x029a                  _ADCBUFD = 0x29a
                    0x029c                  ADCBUFE = 0x29c
                    0x029c                  _ADCBUFE = 0x29c
                    0x029e                  ADCBUFF = 0x29e
                    0x029e                  _ADCBUFF = 0x29e
                    0x02a0                  ADCON1 = 0x2a0
                    0x02a0                  _ADCON1 = 0x2a0
                    0x02a0                  _ADCON1bits = 0x2a0
                    0x02a2                  ADCON2 = 0x2a2
                    0x02a2                  _ADCON2 = 0x2a2
                    0x02a2                  _ADCON2bits = 0x2a2
                    0x02a4                  ADCON3 = 0x2a4
                    0x02a4                  _ADCON3 = 0x2a4
                    0x02a4                  _ADCON3bits = 0x2a4
                    0x02a6                  ADCHS = 0x2a6
                    0x02a6                  _ADCHS = 0x2a6
                    0x02a6                  _ADCHSbits = 0x2a6
                    0x02a8                  ADPCFG = 0x2a8
                    0x02a8                  _ADPCFG = 0x2a8
                    0x02a8                  _ADPCFGbits = 0x2a8
                    0x02aa                  ADCSSL = 0x2aa
                    0x02aa                  _ADCSSL = 0x2aa
                    0x02aa                  _ADCSSLbits = 0x2aa
                    0x02c6                  TRISB = 0x2c6
                    0x02c6                  _TRISB = 0x2c6
                    0x02c6                  _TRISBbits = 0x2c6
                    0x02c8                  PORTB = 0x2c8
                    0x02c8                  _PORTB = 0x2c8
                    0x02c8                  _PORTBbits = 0x2c8
                    0x02ca                  LATB = 0x2ca
                    0x02ca                  _LATB = 0x2ca
                    0x02ca                  _LATBbits = 0x2ca
                    0x02cc                  TRISC = 0x2cc
                    0x02cc                  _TRISC = 0x2cc
                    0x02cc                  _TRISCbits = 0x2cc
                    0x02ce                  PORTC = 0x2ce
                    0x02ce                  _PORTC = 0x2ce
                    0x02ce                  _PORTCbits = 0x2ce
                    0x02d0                  LATC = 0x2d0
                    0x02d0                  _LATC = 0x2d0
                    0x02d0                  _LATCbits = 0x2d0
                    0x02d2                  TRISD = 0x2d2
                    0x02d2                  _TRISD = 0x2d2
                    0x02d2                  _TRISDbits = 0x2d2
                    0x02d4                  PORTD = 0x2d4
                    0x02d4                  _PORTD = 0x2d4
                    0x02d4                  _PORTDbits = 0x2d4
                    0x02d6                  LATD = 0x2d6
                    0x02d6                  _LATD = 0x2d6
                    0x02d6                  _LATDbits = 0x2d6
                    0x02d8                  TRISE = 0x2d8
                    0x02d8                  _TRISE = 0x2d8
                    0x02d8                  _TRISEbits = 0x2d8
                    0x02da                  PORTE = 0x2da
                    0x02da                  _PORTE = 0x2da
                    0x02da                  _PORTEbits = 0x2da
                    0x02dc                  LATE = 0x2dc
                    0x02dc                  _LATE = 0x2dc
                    0x02dc                  _LATEbits = 0x2dc
                    0x02de                  TRISF = 0x2de
                    0x02de                  _TRISF = 0x2de
                    0x02de                  _TRISFbits = 0x2de
                    0x02e0                  PORTF = 0x2e0
                    0x02e0                  _PORTF = 0x2e0
                    0x02e0                  _PORTFbits = 0x2e0
                    0x02e2                  LATF = 0x2e2
                    0x02e2                  _LATF = 0x2e2
                    0x02e2                  _LATFbits = 0x2e2
                    0x0740                  RCON = 0x740
                    0x0740                  _RCON = 0x740
                    0x0740                  _RCONbits = 0x740
                    0x0742                  OSCCON = 0x742
                    0x0742                  _OSCCON = 0x742
                    0x0742                  _OSCCONbits = 0x742
                    0x0742                  OSCCONL = 0x742
                    0x0742                  _OSCCONL = 0x742
                    0x0743                  OSCCONH = 0x743
                    0x0743                  _OSCCONH = 0x743
                    0x0744                  OSCTUN = 0x744
                    0x0744                  _OSCTUN = 0x744
                    0x0744                  _OSCTUNbits = 0x744
                    0x0760                  NVMCON = 0x760
                    0x0760                  _NVMCON = 0x760
                    0x0760                  _NVMCONbits = 0x760
                    0x0762                  NVMADR = 0x762
                    0x0762                  _NVMADR = 0x762
                    0x0764                  NVMADRU = 0x764
                    0x0764                  _NVMADRU = 0x764
                    0x0764                  _NVMADRUbits = 0x764
                    0x0766                  NVMKEY = 0x766
                    0x0766                  _NVMKEY = 0x766
                    0x0770                  PMD1 = 0x770
                    0x0770                  _PMD1 = 0x770
                    0x0770                  _PMD1bits = 0x770
                    0x0772                  PMD2 = 0x772
                    0x0772                  _PMD2 = 0x772
                    0x0772                  _PMD2bits = 0x772
                    0x0022                  ACCA = 0x22
                    0x0022                  _ACCA = 0x22
                    0x0028                  ACCB = 0x28
                    0x0028                  _ACCB = 0x28
                    0x0140                  IC1 = 0x140
                    0x0140                  _IC1 = 0x140
                    0x0144                  IC2 = 0x144
                    0x0144                  _IC2 = 0x144
                    0x0158                  IC7 = 0x158
                    0x0158                  _IC7 = 0x158
                    0x015c                  IC8 = 0x15c
                    0x015c                  _IC8 = 0x15c
                    0x0180                  OC1 = 0x180
                    0x0180                  _OC1 = 0x180
                    0x0186                  OC2 = 0x186
                    0x0186                  _OC2 = 0x186
                    0x018c                  OC3 = 0x18c
                    0x018c                  _OC3 = 0x18c
                    0x0192                  OC4 = 0x192
                    0x0192                  _OC4 = 0x192
                    0x0220                  SPI1 = 0x220
                    0x0220                  _SPI1 = 0x220
                    0x020c                  UART1 = 0x20c
                    0x020c                  _UART1 = 0x20c
                    0x0216                  UART2 = 0x216
                    0x0216                  _UART2 = 0x216
START GROUP
LOAD c:/program files (x86)/microchip/xc16/v1.31/bin/bin/../../lib\liblega-pic30-elf.a
LOAD c:/program files (x86)/microchip/xc16/v1.31/bin/bin/../../lib\libm-elf.a
LOAD c:/program files (x86)/microchip/xc16/v1.31/bin/bin/../../lib\liblega-c-elf.a
END GROUP
OUTPUT(dist/default/production/EVBatteryCTRLv1.X.production.elf elf32-pic30)
LOAD FGS
LOAD default_isr
LOAD data_init

.debug_pubtypes
                  0x000018        0x48a
 .debug_pubtypes
                  0x000018        0x48a build/default/production/main.o

__c30_signature
                  0x0004a2         0x72
 __c30_signature
                  0x0004a2          0x6 build/default/production/main.o
 __c30_signature
                  0x0004a8          0x6 c:/program files (x86)/microchip/xc16/v1.31/bin/bin/../../lib\liblega-pic30-elf.a(crt0_standard.o)
 __c30_signature
                  0x0004ae          0x6 c:/program files (x86)/microchip/xc16/v1.31/bin/bin/../../lib\liblega-pic30-elf.a(data_init_standard.o)
 __c30_signature
                  0x0004b4          0x6 c:/program files (x86)/microchip/xc16/v1.31/bin/bin/../../lib\libm-elf.a(addsf3.eo)
 __c30_signature
                  0x0004ba          0x6 c:/program files (x86)/microchip/xc16/v1.31/bin/bin/../../lib\libm-elf.a(divsf3.eo)
 __c30_signature
                  0x0004c0          0x6 c:/program files (x86)/microchip/xc16/v1.31/bin/bin/../../lib\libm-elf.a(feqltle.eo)
 __c30_signature
                  0x0004c6          0x6 c:/program files (x86)/microchip/xc16/v1.31/bin/bin/../../lib\libm-elf.a(fgtge.eo)
 __c30_signature
                  0x0004cc          0x6 c:/program files (x86)/microchip/xc16/v1.31/bin/bin/../../lib\libm-elf.a(fixsfsi.eo)
 __c30_signature
                  0x0004d2          0x6 c:/program files (x86)/microchip/xc16/v1.31/bin/bin/../../lib\libm-elf.a(fixunssfsi.eo)
 __c30_signature
                  0x0004d8          0x6 c:/program files (x86)/microchip/xc16/v1.31/bin/bin/../../lib\libm-elf.a(floatsisf.eo)
 __c30_signature
                  0x0004de          0x6 c:/program files (x86)/microchip/xc16/v1.31/bin/bin/../../lib\libm-elf.a(floatunsisf.eo)
 __c30_signature
                  0x0004e4          0x6 c:/program files (x86)/microchip/xc16/v1.31/bin/bin/../../lib\libm-elf.a(fpack.eo)
 __c30_signature
                  0x0004ea          0x6 c:/program files (x86)/microchip/xc16/v1.31/bin/bin/../../lib\libm-elf.a(funpack.eo)
 __c30_signature
                  0x0004f0          0x6 c:/program files (x86)/microchip/xc16/v1.31/bin/bin/../../lib\libm-elf.a(funpack2.eo)
 __c30_signature
                  0x0004f6          0x6 c:/program files (x86)/microchip/xc16/v1.31/bin/bin/../../lib\libm-elf.a(futil.eo)
 __c30_signature
                  0x0004fc          0x6 c:/program files (x86)/microchip/xc16/v1.31/bin/bin/../../lib\libm-elf.a(mulsf3.eo)
 __c30_signature
                  0x000502          0x6 c:/program files (x86)/microchip/xc16/v1.31/bin/bin/../../lib\libm-elf.a(fcompare.eo)
 __c30_signature
                  0x000508          0x6 c:/program files (x86)/microchip/xc16/v1.31/bin/bin/../../lib\libm-elf.a(floatdisf.eo)
 __c30_signature
                  0x00050e          0x6 c:/program files (x86)/microchip/xc16/v1.31/bin/bin/../../lib\libm-elf.a(floatundisf.eo)

.nbss               0x0800        0x2c6
 .nbss              0x0800        0x2c6 build/default/production/main.o
                    0x0800                  _sets
                    0x08d6                  _vars
                    0x0906                  _dsky
                    0x0944                  _chrge_rate
                    0x0948                  _vltg_dvid
                    0x094c                  _ADCON3upper8
                    0x094e                  _ADCON3lower8
                    0x0950                  _open_voltage
                    0x0954                  _voltage_percentage
                    0x0958                  _current_compensate
                    0x095c                  _dischr_current
                    0x0960                  _p_charge
                    0x0962                  _wheelTime
                    0x0966                  _analog_avg_cnt
                    0x0968                  _avgVolt
                    0x096c                  _avgCurnt
                    0x0970                  _avgBTemp
                    0x0974                  _avgMTemp
                    0x0978                  _avgSTemp
                    0x097c                  _avg_cnt
                    0x097e                  _bt_crnt_avg_temp
                    0x0982                  _bt_vltg_avg_temp
                    0x0986                  _curnt_cal_stage
                    0x0987                  _start_timer
                    0x0988                  _diag_count
                    0x0989                  _PowerOffTimer
                    0x098a                  _cfg_space
                    0x098b                  _vr_space
                    0x098c                  _dsky_space
                    0x098d                  _v_test
                    0x098e                  _first_cal
                    0x0990                  _PxPage
                    0x0994                  _PxVtimer
                    0x0996                  _output_power
                    0x0998                  _charge_power
                    0x099a                  _heat_power
                    0x099c                  _COND
                    0x099e                  _CONDbits
                    0x09a0                  _STING
                    0x09a2                  _STINGbits
                    0x09a3                  _CMD_buff
                    0x09ae                  _CMD_Point
                    0x09b2                  _cmdRDY
                    0x09b4                  _cmdOVFL
                    0x09b6                  _Terr
                    0x09b8                  _bufsize
                    0x09ba                  _nibble
                    0x09c2                  _float_out
                    0x09d0                  _Buff_count
                    0x09d2                  _Buff_index
                    0x09d6                  _Buffer
                    0x0a4e                  _StempIndex
                    0x0a52                  _FtempIndex
                    0x0a56                  _config_space
                    0x0a58                  _tx_float
                    0x0a60                  _tx_temp
                    0x0a62                  _portBSY
                    0x0a64                  _writingbuff
                    0x0a66                  _dynaSpace
                    0x0a68                  _tempPoint
                    0x0a6c                  _flt_index
                    0x0a70                  _upperMem
                    0x0a72                  _printSets
                    0x0a74                  _eRead
                    0x0a76                  _offset
                    0x0a78                  _address
                    0x0a7a                  _flash_chksum
                    0x0a7c                  _rom_chksum
                    0x0a7e                  _nvSets_chksum
                    0x0a80                  _ramSets_chksum
                    0x0a82                  _ramSets_chksum_old
                    0x0a84                  _check_timer
                    0x0a86                  _ram_err_count
                    0x0a88                  _heat_set
                    0x0a8a                  _oc_shutdown_timer
                    0x0a8c                  _shutdown_timer
                    0x0a8e                  _dischrg_current
                    0x0a92                  _chrg_current
                    0x0a96                  _dischrg_read
                    0x0a9a                  _analog_smpl_time
                    0x0a9e                  _crnt_error
                    0x0aa2                  _crnt_integral
                    0x0aa6                  _current_output
                    0x0aaa                  _voltage_output
                    0x0aae                  _temp_dischrg_rate
                    0x0ab2                  _temp_chrg_rate
                    0x0ab6                  _max_chrg_current
                    0x0aba                  _percentOut
                    0x0abe                  _chrg_remaining
                    0x0ac2                  _chrg_check

.ndata              0x0ac6         0x1c
 .ndata             0x0ac6         0x1c build/default/production/main.o
                    0x0ac6                  _BAUD1
                    0x0aca                  _BAUD2
                    0x0ace                  _heat_rly_timer
                    0x0acf                  _contact_rly_timer
                    0x0ad0                  _chrg_rly_timer
                    0x0ad1                  _power_session
                    0x0ad2                  _PowerOffTimerSec
                    0x0ad3                  _Lecho
                    0x0ad6                  _crnt_proportion
                    0x0ada                  _vltg_proportion
                    0x0ade                  _temp_proportion

.config_ICS       0xf8000c          0x2
 .config_ICS      0xf8000c          0x2 build/default/production/main.o

.config_MCLRE     0xf80004          0x2
 .config_MCLRE    0xf80004          0x2 build/default/production/main.o

.config_WDT       0xf80002          0x2
 .config_WDT      0xf80002          0x2 build/default/production/main.o

.config_FCKSMEN
                  0xf80000          0x2
 .config_FCKSMEN
                  0xf80000          0x2 build/default/production/main.o

.ivt._INT0Interrupt
                  0x000014          0x2
 .ivt._INT0Interrupt
                  0x000014          0x2 build/default/production/main.o

.ivt._ADCInterrupt
                  0x00002a          0x2
 .ivt._ADCInterrupt
                  0x00002a          0x2 build/default/production/main.o

.ivt._T1Interrupt
                  0x00001a          0x2
 .ivt._T1Interrupt
                  0x00001a          0x2 build/default/production/main.o

.ivt._T2Interrupt
                  0x000020          0x2
 .ivt._T2Interrupt
                  0x000020          0x2 build/default/production/main.o

.ivt._INT1Interrupt
                  0x000034          0x2
 .ivt._INT1Interrupt
                  0x000034          0x2 build/default/production/main.o

.ivt._T3Interrupt
                  0x000022          0x2
 .ivt._T3Interrupt
                  0x000022          0x2 build/default/production/main.o

.ivt._T4Interrupt
                  0x00003e          0x2
 .ivt._T4Interrupt
                  0x00003e          0x2 build/default/production/main.o

.ivt._T5Interrupt
                  0x000040          0x2
 .ivt._T5Interrupt
                  0x000040          0x2 build/default/production/main.o

.ivt._U1RXInterrupt
                  0x000026          0x2
 .ivt._U1RXInterrupt
                  0x000026          0x2 build/default/production/main.o

.ivt._U2RXInterrupt
                  0x000044          0x2
 .ivt._U2RXInterrupt
                  0x000044          0x2 build/default/production/main.o

.ivt._U1TXInterrupt
                  0x000028          0x2
 .ivt._U1TXInterrupt
                  0x000028          0x2 build/default/production/main.o

.ivt._U2TXInterrupt
                  0x000046          0x2
 .ivt._U2TXInterrupt
                  0x000046          0x2 build/default/production/main.o

.ivt._FLTAInterrupt
                  0x00006a          0x2
 .ivt._FLTAInterrupt
                  0x00006a          0x2 build/default/production/main.o

.ivt._OscillatorFail
                  0x000006          0x2
 .ivt._OscillatorFail
                  0x000006          0x2 build/default/production/main.o

.ivt._AddressError
                  0x000008          0x2
 .ivt._AddressError
                  0x000008          0x2 build/default/production/main.o

.ivt._StackError
                  0x00000a          0x2
 .ivt._StackError
                  0x00000a          0x2 build/default/production/main.o

.ivt._MathError
                  0x00000c          0x2
 .ivt._MathError
                  0x00000c          0x2 build/default/production/main.o

.ivt._ReservedTrap7
                  0x000012          0x2
 .ivt._ReservedTrap7
                  0x000012          0x2 build/default/production/main.o

.const              0xb35a        0x366 load address 0x00335a  
 .const             0xb35a        0x366 build/default/production/main.o
                    0xb35a                  _VSPC
                    0xb35c                  _V01
                    0xb360                  _V02
                    0xb362                  _V03
                    0xb364                  _V04
                    0xb367                  _V05
                    0xb36a                  _V06
                    0xb36e                  _V07
                    0xb371                  _V08
                    0xb373                  _V09
                    0xb375                  _V0A
                    0xb377                  _V0D
                    0xb37b                  _V0E
                    0xb37e                  _Vlookup
                    0xb39c                  _code01
                    0xb3ab                  _code02
                    0xb3be                  _code03
                    0xb3cd                  _code04
                    0xb3d6                  _code05
                    0xb3e1                  _code06
                    0xb3e9                  _code07
                    0xb3f1                  _code08
                    0xb3f9                  _code09
                    0xb401                  _code0A
                    0xb409                  _code0B
                    0xb416                  _code0C
                    0xb41e                  _code0D
                    0xb427                  _code0E
                    0xb430                  _code0F
                    0xb438                  _code10
                    0xb440                  _code11
                    0xb446                  _code12
                    0xb44d                  _code13
                    0xb454                  _code14
                    0xb45c                  _code15
                    0xb465                  _code16
                    0xb476                  _code17
                    0xb47f                  _code18
                    0xb490                  _code19
                    0xb49a                  _code1A
                    0xb4a7                  _code1B
                    0xb4b4                  _code1C
                    0xb4be                  _code1D
                    0xb4c4                  _code1E
                    0xb4ca                  _code1F
                    0xb4d0                  _code20
                    0xb4d6                  _code21
                    0xb4dc                  _code22
                    0xb4e2                  _code23
                    0xb4e9                  _code24
                    0xb4f0                  _code25
                    0xb4f6                  _code26
                    0xb4fc                  _code27
                    0xb50a                  _code28
                    0xb518                  _code29
                    0xb528                  _code2A
                    0xb539                  _code2B
                    0xb549                  _code2C
                    0xb560                  _code2D
                    0xb56b                  _code2E
                    0xb576                  _codeDefault
                    0xb57e                  _errArray

.dinit            0x0036c0         0x22
 .dinit           0x0036c0         0x22 data_init
